Archive member included to satisfy reference by file (symbol)

/Applications/ARM/bin/../lib/gcc/arm-none-eabi/10.3.1/../../../../arm-none-eabi/lib/thumb/v7e-m/nofp/libc_nano.a(lib_a-exit.o)
                              /Applications/ARM/bin/../lib/gcc/arm-none-eabi/10.3.1/../../../../arm-none-eabi/lib/thumb/v7e-m/nofp/crt0.o (exit)
/Applications/ARM/bin/../lib/gcc/arm-none-eabi/10.3.1/../../../../arm-none-eabi/lib/thumb/v7e-m/nofp/libc_nano.a(lib_a-impure.o)
                              /Applications/ARM/bin/../lib/gcc/arm-none-eabi/10.3.1/../../../../arm-none-eabi/lib/thumb/v7e-m/nofp/libc_nano.a(lib_a-exit.o) (_global_impure_ptr)
/Applications/ARM/bin/../lib/gcc/arm-none-eabi/10.3.1/../../../../arm-none-eabi/lib/thumb/v7e-m/nofp/libc_nano.a(lib_a-init.o)
                              /Applications/ARM/bin/../lib/gcc/arm-none-eabi/10.3.1/../../../../arm-none-eabi/lib/thumb/v7e-m/nofp/crt0.o (__libc_init_array)
/Applications/ARM/bin/../lib/gcc/arm-none-eabi/10.3.1/../../../../arm-none-eabi/lib/thumb/v7e-m/nofp/libc_nano.a(lib_a-memset.o)
                              /Applications/ARM/bin/../lib/gcc/arm-none-eabi/10.3.1/../../../../arm-none-eabi/lib/thumb/v7e-m/nofp/crt0.o (memset)
/Applications/ARM/bin/../lib/gcc/arm-none-eabi/10.3.1/../../../../arm-none-eabi/lib/thumb/v7e-m/nofp/libnosys.a(_exit.o)
                              /Applications/ARM/bin/../lib/gcc/arm-none-eabi/10.3.1/../../../../arm-none-eabi/lib/thumb/v7e-m/nofp/libc_nano.a(lib_a-exit.o) (_exit)

Discarded input sections

 .text          0x0000000000000000        0x0 /Applications/ARM/bin/../lib/gcc/arm-none-eabi/10.3.1/thumb/v7e-m/nofp/crti.o
 .data          0x0000000000000000        0x0 /Applications/ARM/bin/../lib/gcc/arm-none-eabi/10.3.1/thumb/v7e-m/nofp/crti.o
 .bss           0x0000000000000000        0x0 /Applications/ARM/bin/../lib/gcc/arm-none-eabi/10.3.1/thumb/v7e-m/nofp/crti.o
 .data          0x0000000000000000        0x4 /Applications/ARM/bin/../lib/gcc/arm-none-eabi/10.3.1/thumb/v7e-m/nofp/crtbegin.o
 .rodata        0x0000000000000000       0x24 /Applications/ARM/bin/../lib/gcc/arm-none-eabi/10.3.1/thumb/v7e-m/nofp/crtbegin.o
 .text          0x0000000000000000       0x7c /Applications/ARM/bin/../lib/gcc/arm-none-eabi/10.3.1/../../../../arm-none-eabi/lib/thumb/v7e-m/nofp/crt0.o
 .data          0x0000000000000000        0x0 /Applications/ARM/bin/../lib/gcc/arm-none-eabi/10.3.1/../../../../arm-none-eabi/lib/thumb/v7e-m/nofp/crt0.o
 .bss           0x0000000000000000        0x0 /Applications/ARM/bin/../lib/gcc/arm-none-eabi/10.3.1/../../../../arm-none-eabi/lib/thumb/v7e-m/nofp/crt0.o
 .ARM.extab     0x0000000000000000        0x0 /Applications/ARM/bin/../lib/gcc/arm-none-eabi/10.3.1/../../../../arm-none-eabi/lib/thumb/v7e-m/nofp/crt0.o
 .ARM.exidx     0x0000000000000000       0x10 /Applications/ARM/bin/../lib/gcc/arm-none-eabi/10.3.1/../../../../arm-none-eabi/lib/thumb/v7e-m/nofp/crt0.o
 .ARM.attributes
                0x0000000000000000       0x1c /Applications/ARM/bin/../lib/gcc/arm-none-eabi/10.3.1/../../../../arm-none-eabi/lib/thumb/v7e-m/nofp/crt0.o
 .text          0x0000000000000000        0x0 build/at32f415_board.o
 .data          0x0000000000000000        0x0 build/at32f415_board.o
 .bss           0x0000000000000000        0x0 build/at32f415_board.o
 .text.__io_putchar
                0x0000000000000000       0x34 build/at32f415_board.o
 .text.uart_print_init
                0x0000000000000000       0x78 build/at32f415_board.o
 .text.at32_button_state
                0x0000000000000000       0x18 build/at32f415_board.o
 .text.at32_button_press
                0x0000000000000000       0x4c build/at32f415_board.o
 .text.at32_led_on
                0x0000000000000000       0x44 build/at32f415_board.o
 .text.delay_us
                0x0000000000000000       0x6c build/at32f415_board.o
 .text.delay_sec
                0x0000000000000000       0x38 build/at32f415_board.o
 .data.pressed.0
                0x0000000000000000        0x1 build/at32f415_board.o
 .text          0x0000000000000000        0x0 build/main.o
 .data          0x0000000000000000        0x0 build/main.o
 .bss           0x0000000000000000        0x0 build/main.o
 .text          0x0000000000000000        0x0 build/at32f415_int.o
 .data          0x0000000000000000        0x0 build/at32f415_int.o
 .bss           0x0000000000000000        0x0 build/at32f415_int.o
 .text          0x0000000000000000        0x0 build/at32f415_clock.o
 .data          0x0000000000000000        0x0 build/at32f415_clock.o
 .bss           0x0000000000000000        0x0 build/at32f415_clock.o
 .text          0x0000000000000000        0x0 build/at32f415_crm.o
 .data          0x0000000000000000        0x0 build/at32f415_crm.o
 .bss           0x0000000000000000        0x0 build/at32f415_crm.o
 .text.crm_lext_bypass
                0x0000000000000000       0x2c build/at32f415_crm.o
 .text.crm_hext_bypass
                0x0000000000000000       0x2c build/at32f415_crm.o
[...]
Memory Configuration

Name             Origin             Length             Attributes
FLASH            0x0000000008000000 0x0000000000040000 xr
RAM              0x0000000020000000 0x0000000000008000 xrw
*default*        0x0000000000000000 0xffffffffffffffff

Linker script and memory map

LOAD /Applications/ARM/bin/../lib/gcc/arm-none-eabi/10.3.1/thumb/v7e-m/nofp/crti.o
LOAD /Applications/ARM/bin/../lib/gcc/arm-none-eabi/10.3.1/thumb/v7e-m/nofp/crtbegin.o
LOAD /Applications/ARM/bin/../lib/gcc/arm-none-eabi/10.3.1/../../../../arm-none-eabi/lib/thumb/v7e-m/nofp/crt0.o
LOAD build/at32f415_board.o
LOAD build/main.o
LOAD build/at32f415_int.o
LOAD build/at32f415_clock.o
LOAD build/at32f415_crm.o
LOAD build/at32f415_misc.o
LOAD build/at32f415_gpio.o
LOAD build/at32f415_i2c.o
LOAD build/at32f415_dma.o
LOAD build/at32f415_exint.o
LOAD build/at32f415_tmr.o
LOAD build/at32f415_usart.o
LOAD build/at32f415_usb.o
LOAD build/system_at32f415.o
LOAD build/startup_at32f415.o
LOAD /Applications/ARM/bin/../lib/gcc/arm-none-eabi/10.3.1/../../../../arm-none-eabi/lib/thumb/v7e-m/nofp/libc_nano.a
LOAD /Applications/ARM/bin/../lib/gcc/arm-none-eabi/10.3.1/../../../../arm-none-eabi/lib/thumb/v7e-m/nofp/libm.a
LOAD /Applications/ARM/bin/../lib/gcc/arm-none-eabi/10.3.1/../../../../arm-none-eabi/lib/thumb/v7e-m/nofp/libnosys.a
START GROUP
LOAD /Applications/ARM/bin/../lib/gcc/arm-none-eabi/10.3.1/thumb/v7e-m/nofp/libgcc.a
LOAD /Applications/ARM/bin/../lib/gcc/arm-none-eabi/10.3.1/../../../../arm-none-eabi/lib/thumb/v7e-m/nofp/libc_nano.a
END GROUP
START GROUP
LOAD /Applications/ARM/bin/../lib/gcc/arm-none-eabi/10.3.1/thumb/v7e-m/nofp/libgcc.a
LOAD /Applications/ARM/bin/../lib/gcc/arm-none-eabi/10.3.1/../../../../arm-none-eabi/lib/thumb/v7e-m/nofp/libc_nano.a
END GROUP
LOAD /Applications/ARM/bin/../lib/gcc/arm-none-eabi/10.3.1/thumb/v7e-m/nofp/crtend.o
LOAD /Applications/ARM/bin/../lib/gcc/arm-none-eabi/10.3.1/thumb/v7e-m/nofp/crtn.o
                0x0000000020007fff                _estack = 0x20007fff
                0x0000000000000200                _Min_Heap_Size = 0x200
                0x0000000000000400                _Min_Stack_Size = 0x400

.isr_vector     0x0000000008000000      0x170
                0x0000000008000000                . = ALIGN (0x4)
 *(.isr_vector)
 .isr_vector    0x0000000008000000      0x170 build/startup_at32f415.o
                0x0000000008000000                g_pfnVectors
                0x0000000008000170                . = ALIGN (0x4)

.text           0x0000000008000170     0x11a8
                0x0000000008000170                . = ALIGN (0x4)
 *(.text)
 .text          0x0000000008000170       0x40 /Applications/ARM/bin/../lib/gcc/arm-none-eabi/10.3.1/thumb/v7e-m/nofp/crtbegin.o
 *(.text*)
 .text.at32_board_init
                0x00000000080001b0       0x34 build/at32f415_board.o
                0x00000000080001b0                at32_board_init
 .text.at32_button_init
                0x00000000080001e4       0x44 build/at32f415_board.o
                0x00000000080001e4                at32_button_init
 .text.at32_led_init
                0x0000000008000228       0x68 build/at32f415_board.o
                0x0000000008000228                at32_led_init
 .text.at32_led_off
                0x0000000008000290       0x44 build/at32f415_board.o
                0x0000000008000290                at32_led_off
 .text.at32_led_toggle
                0x00000000080002d4       0x50 build/at32f415_board.o
                0x00000000080002d4                at32_led_toggle
 .text.delay_init
                0x0000000008000324       0x40 build/at32f415_board.o
                0x0000000008000324                delay_init
 .text.delay_ms
                0x0000000008000364       0x98 build/at32f415_board.o
                0x0000000008000364                delay_ms
 .text.button_exint_init
                0x00000000080003fc       0x50 build/main.o
                0x00000000080003fc                button_exint_init
 .text.button_isr
                0x000000000800044c       0x40 build/main.o
                0x000000000800044c                button_isr
 .text.EXINT0_IRQHandler
                0x000000000800048c        0xc build/main.o
                0x000000000800048c                EXINT0_IRQHandler
 .text.main     0x0000000008000498       0x88 build/main.o
                0x0000000008000498                main
 .text.NMI_Handler
                0x0000000008000520        0xc build/at32f415_int.o
                0x0000000008000520                NMI_Handler
 .text.HardFault_Handler
                0x000000000800052c        0x6 build/at32f415_int.o
                0x000000000800052c                HardFault_Handler
 .text.MemManage_Handler
                0x0000000008000532        0x6 build/at32f415_int.o
                0x0000000008000532                MemManage_Handler
 .text.BusFault_Handler
                0x0000000008000538        0x6 build/at32f415_int.o
                0x0000000008000538                BusFault_Handler
 .text.UsageFault_Handler
                0x000000000800053e        0x6 build/at32f415_int.o
                0x000000000800053e                UsageFault_Handler
 .text.SVC_Handler
                0x0000000008000544        0xc build/at32f415_int.o
                0x0000000008000544                SVC_Handler
 .text.DebugMon_Handler
                0x0000000008000550        0xc build/at32f415_int.o
                0x0000000008000550                DebugMon_Handler
 .text.PendSV_Handler
                0x000000000800055c        0xc build/at32f415_int.o
                0x000000000800055c                PendSV_Handler
 .text.SysTick_Handler
                0x0000000008000568        0xc build/at32f415_int.o
                0x0000000008000568                SysTick_Handler
 .text.system_clock_config
                0x0000000008000574       0x84 build/at32f415_clock.o
                0x0000000008000574                system_clock_config
 .text.crm_reset
                0x00000000080005f8       0x74 build/at32f415_crm.o
                0x00000000080005f8                crm_reset
 .text.crm_flag_get
                0x000000000800066c       0x4e build/at32f415_crm.o
                0x000000000800066c                crm_flag_get
 .text.crm_hext_stable_wait
                0x00000000080006ba       0x4a build/at32f415_crm.o
                0x00000000080006ba                crm_hext_stable_wait
 .text.crm_periph_clock_enable
                0x0000000008000704       0x7a build/at32f415_crm.o
                0x0000000008000704                crm_periph_clock_enable
 *fill*         0x000000000800077e        0x2 
 .text.crm_clock_source_enable
                0x0000000008000780       0xa4 build/at32f415_crm.o
                0x0000000008000780                crm_clock_source_enable
 .text.crm_ahb_div_set
                0x0000000008000824       0x2c build/at32f415_crm.o
                0x0000000008000824                crm_ahb_div_set
 .text.crm_apb1_div_set
                0x0000000008000850       0x2c build/at32f415_crm.o
                0x0000000008000850                crm_apb1_div_set
 .text.crm_apb2_div_set
                0x000000000800087c       0x2c build/at32f415_crm.o
                0x000000000800087c                crm_apb2_div_set
 .text.crm_pll_config
                0x00000000080008a8      0x15c build/at32f415_crm.o
                0x00000000080008a8                crm_pll_config
 .text.crm_sysclk_switch
                0x0000000008000a04       0x2c build/at32f415_crm.o
                0x0000000008000a04                crm_sysclk_switch
 .text.crm_sysclk_switch_status_get
                0x0000000008000a30       0x1c build/at32f415_crm.o
                0x0000000008000a30                crm_sysclk_switch_status_get
 .text.crm_auto_step_mode_enable
                0x0000000008000a4c       0x34 build/at32f415_crm.o
                0x0000000008000a4c                crm_auto_step_mode_enable
 .text.__NVIC_SetPriorityGrouping
                0x0000000008000a80       0x48 build/at32f415_misc.o
 .text.__NVIC_GetPriorityGrouping
                0x0000000008000ac8       0x1c build/at32f415_misc.o
 .text.__NVIC_EnableIRQ
                0x0000000008000ae4       0x38 build/at32f415_misc.o
 .text.__NVIC_SetPriority
                0x0000000008000b1c       0x54 build/at32f415_misc.o
 .text.NVIC_EncodePriority
                0x0000000008000b70       0x64 build/at32f415_misc.o
 .text.nvic_irq_enable
                0x0000000008000bd4       0x42 build/at32f415_misc.o
                0x0000000008000bd4                nvic_irq_enable
 .text.nvic_priority_group_config
                0x0000000008000c16       0x1a build/at32f415_misc.o
                0x0000000008000c16                nvic_priority_group_config
 .text.systick_clock_source_config
                0x0000000008000c30       0x38 build/at32f415_misc.o
                0x0000000008000c30                systick_clock_source_config
 .text.gpio_init
                0x0000000008000c68      0x136 build/at32f415_gpio.o
                0x0000000008000c68                gpio_init
 .text.gpio_default_para_init
                0x0000000008000d9e       0x32 build/at32f415_gpio.o
                0x0000000008000d9e                gpio_default_para_init
 .text.gpio_input_data_bit_read
                0x0000000008000dd0       0x34 build/at32f415_gpio.o
                0x0000000008000dd0                gpio_input_data_bit_read
 .text.gpio_exint_line_config
                0x0000000008000e04       0xf4 build/at32f415_gpio.o
                0x0000000008000e04                gpio_exint_line_config
 .text.exint_default_para_init
                0x0000000008000ef8       0x2a build/at32f415_exint.o
                0x0000000008000ef8                exint_default_para_init
 *fill*         0x0000000008000f22        0x2 
 .text.exint_init
                0x0000000008000f24       0xc8 build/at32f415_exint.o
                0x0000000008000f24                exint_init
 .text.exint_flag_clear
                0x0000000008000fec       0x1c build/at32f415_exint.o
                0x0000000008000fec                exint_flag_clear
 .text.SystemInit
                0x0000000008001008       0xa8 build/system_at32f415.o
                0x0000000008001008                SystemInit
 .text.system_core_clock_update
                0x00000000080010b0      0x1bc build/system_at32f415.o
                0x00000000080010b0                system_core_clock_update
 .text.Reset_Handler
                0x000000000800126c       0x48 build/startup_at32f415.o
                0x000000000800126c                Reset_Handler
 .text.Default_Handler
                0x00000000080012b4        0x2 build/startup_at32f415.o
                0x00000000080012b4                DMA2_Channel3_IRQHandler
                0x00000000080012b4                EXINT2_IRQHandler
                0x00000000080012b4                I2C2_EVT_IRQHandler
                0x00000000080012b4                TMR1_OVF_TMR10_IRQHandler
                0x00000000080012b4                I2C1_ERR_IRQHandler
                0x00000000080012b4                EXINT9_5_IRQHandler
                0x00000000080012b4                TMR5_GLOBAL_IRQHandler
                0x00000000080012b4                CMP2_IRQHandler
                0x00000000080012b4                ERTC_IRQHandler
                0x00000000080012b4                CAN1_RX0_IRQHandler
                0x00000000080012b4                SPI1_IRQHandler
                0x00000000080012b4                TAMPER_IRQHandler
                0x00000000080012b4                OTGFS1_IRQHandler
                0x00000000080012b4                CMP1_IRQHandler
                0x00000000080012b4                DMA2_Channel2_IRQHandler
                0x00000000080012b4                DMA1_Channel4_IRQHandler
                0x00000000080012b4                ADC1_IRQHandler
                0x00000000080012b4                USART3_IRQHandler
                0x00000000080012b4                DMA1_Channel7_IRQHandler
                0x00000000080012b4                CAN1_RX1_IRQHandler
                0x00000000080012b4                UART5_IRQHandler
                0x00000000080012b4                DMA2_Channel1_IRQHandler
                0x00000000080012b4                EXINT3_IRQHandler
                0x00000000080012b4                DMA1_Channel6_IRQHandler
                0x00000000080012b4                UART4_IRQHandler
                0x00000000080012b4                ERTCAlarm_IRQHandler
                0x00000000080012b4                DMA1_Channel1_IRQHandler
                0x00000000080012b4                Default_Handler
                0x00000000080012b4                TMR3_GLOBAL_IRQHandler
                0x00000000080012b4                CAN1_SE_IRQHandler
                0x00000000080012b4                TMR1_BRK_TMR9_IRQHandler
                0x00000000080012b4                SPI2_IRQHandler
                0x00000000080012b4                TMR1_TRG_HALL_TMR11_IRQHandler
                0x00000000080012b4                CAN1_TX_IRQHandler
                0x00000000080012b4                DMA1_Channel5_IRQHandler
                0x00000000080012b4                TMR4_GLOBAL_IRQHandler
                0x00000000080012b4                EXINT4_IRQHandler
                0x00000000080012b4                DMA2_Channel6_7_IRQHandler
                0x00000000080012b4                PVM_IRQHandler
                0x00000000080012b4                DMA1_Channel3_IRQHandler
                0x00000000080012b4                I2C1_EVT_IRQHandler
                0x00000000080012b4                EXINT1_IRQHandler
                0x00000000080012b4                DMA2_Channel4_5_IRQHandler
                0x00000000080012b4                USART2_IRQHandler
                0x00000000080012b4                DMA1_Channel2_IRQHandler
                0x00000000080012b4                TMR2_GLOBAL_IRQHandler
                0x00000000080012b4                FLASH_IRQHandler
                0x00000000080012b4                I2C2_ERR_IRQHandler
                0x00000000080012b4                USART1_IRQHandler
                0x00000000080012b4                TMR1_CH_IRQHandler
                0x00000000080012b4                CRM_IRQHandler
                0x00000000080012b4                OTGFS1_WKUP_IRQHandler
                0x00000000080012b4                EXINT15_10_IRQHandler
                0x00000000080012b4                WWDT_IRQHandler
                0x00000000080012b4                SDIO1_IRQHandler
 *fill*         0x00000000080012b6        0x2 
 .text.__libc_init_array
                0x00000000080012b8       0x48 /Applications/ARM/bin/../lib/gcc/arm-none-eabi/10.3.1/../../../../arm-none-eabi/lib/thumb/v7e-m/nofp/libc_nano.a(lib_a-init.o)
                0x00000000080012b8                __libc_init_array
 *(.glue_7)
 .glue_7        0x0000000008001300        0x0 linker stubs
 *(.glue_7t)
 .glue_7t       0x0000000008001300        0x0 linker stubs
 *(.eh_frame)
 .eh_frame      0x0000000008001300        0x0 /Applications/ARM/bin/../lib/gcc/arm-none-eabi/10.3.1/thumb/v7e-m/nofp/crtbegin.o
 *(.init)
 .init          0x0000000008001300        0x4 /Applications/ARM/bin/../lib/gcc/arm-none-eabi/10.3.1/thumb/v7e-m/nofp/crti.o
                0x0000000008001300                _init
 .init          0x0000000008001304        0x8 /Applications/ARM/bin/../lib/gcc/arm-none-eabi/10.3.1/thumb/v7e-m/nofp/crtn.o
 *(.fini)
 .fini          0x000000000800130c        0x4 /Applications/ARM/bin/../lib/gcc/arm-none-eabi/10.3.1/thumb/v7e-m/nofp/crti.o
                0x000000000800130c                _fini
 .fini          0x0000000008001310        0x8 /Applications/ARM/bin/../lib/gcc/arm-none-eabi/10.3.1/thumb/v7e-m/nofp/crtn.o
                0x0000000008001318                . = ALIGN (0x4)
                0x0000000008001318                _etext = .

.vfp11_veneer   0x0000000008001318        0x0
 .vfp11_veneer  0x0000000008001318        0x0 linker stubs

.v4_bx          0x0000000008001318        0x0
 .v4_bx         0x0000000008001318        0x0 linker stubs

.iplt           0x0000000008001318        0x0
 .iplt          0x0000000008001318        0x0 /Applications/ARM/bin/../lib/gcc/arm-none-eabi/10.3.1/thumb/v7e-m/nofp/crtbegin.o

.rodata         0x0000000008001318       0x10
                0x0000000008001318                . = ALIGN (0x4)
 *(.rodata)
 *(.rodata*)
 .rodata.sys_ahb_div_table.0
                0x0000000008001318       0x10 build/system_at32f415.o
                0x0000000008001328                . = ALIGN (0x4)

.rel.dyn        0x0000000008001328        0x0
 .rel.iplt      0x0000000008001328        0x0 /Applications/ARM/bin/../lib/gcc/arm-none-eabi/10.3.1/thumb/v7e-m/nofp/crtbegin.o

.ARM.extab
 *(.ARM.extab* .gnu.linkonce.armextab.*)

.ARM            0x0000000008001328        0x0
                0x0000000008001328                __exidx_start = .
 *(.ARM.exidx*)
                0x0000000008001328                __exidx_end = .

.preinit_array  0x0000000008001328        0x0
                0x0000000008001328                PROVIDE (__preinit_array_start = .)
 *(.preinit_array*)
                0x0000000008001328                PROVIDE (__preinit_array_end = .)

.init_array     0x0000000008001328        0x4
                0x0000000008001328                PROVIDE (__init_array_start = .)
 *(SORT_BY_NAME(.init_array.*))
 *(.init_array*)
 .init_array    0x0000000008001328        0x4 /Applications/ARM/bin/../lib/gcc/arm-none-eabi/10.3.1/thumb/v7e-m/nofp/crtbegin.o
                0x000000000800132c                PROVIDE (__init_array_end = .)

.fini_array     0x000000000800132c        0x4
                [!provide]                        PROVIDE (__fini_array_start = .)
 *(SORT_BY_NAME(.fini_array.*))
 *(.fini_array*)
 .fini_array    0x000000000800132c        0x4 /Applications/ARM/bin/../lib/gcc/arm-none-eabi/10.3.1/thumb/v7e-m/nofp/crtbegin.o
                [!provide]                        PROVIDE (__fini_array_end = .)
                0x0000000008001330                _sidata = LOADADDR (.data)

.data           0x0000000020000000       0x28 load address 0x0000000008001330
                0x0000000020000000                . = ALIGN (0x4)
                0x0000000020000000                _sdata = .
 *(.data)
 *(.data*)
 .data.led_gpio_port
                0x0000000020000000        0xc build/at32f415_board.o
                0x0000000020000000                led_gpio_port
 .data.led_gpio_pin
                0x000000002000000c        0x6 build/at32f415_board.o
                0x000000002000000c                led_gpio_pin
 *fill*         0x0000000020000012        0x2 
 .data.led_gpio_crm_clk
                0x0000000020000014        0xc build/at32f415_board.o
                0x0000000020000014                led_gpio_crm_clk
 .data.g_speed  0x0000000020000020        0x1 build/main.o
                0x0000000020000020                g_speed
 *fill*         0x0000000020000021        0x3 
 .data.system_core_clock
                0x0000000020000024        0x4 build/system_at32f415.o
                0x0000000020000024                system_core_clock
                0x0000000020000028                . = ALIGN (0x4)
                0x0000000020000028                _edata = .

.igot.plt       0x0000000020000028        0x0 load address 0x0000000008001358
 .igot.plt      0x0000000020000028        0x0 /Applications/ARM/bin/../lib/gcc/arm-none-eabi/10.3.1/thumb/v7e-m/nofp/crtbegin.o
                0x0000000020000028                . = ALIGN (0x4)

.bss            0x0000000020000028       0x24 load address 0x0000000008001358
                0x0000000020000028                _sbss = .
                0x0000000020000028                __bss_start__ = _sbss
 *(.bss)
 .bss           0x0000000020000028       0x1c /Applications/ARM/bin/../lib/gcc/arm-none-eabi/10.3.1/thumb/v7e-m/nofp/crtbegin.o
 *(.bss*)
 .bss.fac_us    0x0000000020000044        0x4 build/at32f415_board.o
 .bss.fac_ms    0x0000000020000048        0x4 build/at32f415_board.o
 *(COMMON)
                0x000000002000004c                . = ALIGN (0x4)
                0x000000002000004c                _ebss = .
                0x000000002000004c                __bss_end__ = _ebss

._user_heap_stack
                0x000000002000004c      0x600 load address 0x0000000008001358
                0x000000002000004c                . = ALIGN (0x4)
                [!provide]                        PROVIDE (end = .)
                [!provide]                        PROVIDE (_end = .)
                0x000000002000024c                . = (. + _Min_Heap_Size)
 *fill*         0x000000002000004c      0x200 
                0x000000002000064c                . = (. + _Min_Stack_Size)
 *fill*         0x000000002000024c      0x400 
                0x000000002000064c                . = ALIGN (0x4)

/DISCARD/
 libc.a(*)
 libm.a(*)
 libgcc.a(*)

.ARM.attributes
                0x0000000000000000       0x2a
 *(.ARM.attributes)
 .ARM.attributes
                0x0000000000000000       0x1e /Applications/ARM/bin/../lib/gcc/arm-none-eabi/10.3.1/thumb/v7e-m/nofp/crti.o
 .ARM.attributes
                0x000000000000001e       0x2e /Applications/ARM/bin/../lib/gcc/arm-none-eabi/10.3.1/thumb/v7e-m/nofp/crtbegin.o
 .ARM.attributes
                0x000000000000004c       0x2e build/at32f415_board.o
 .ARM.attributes
                0x000000000000007a       0x2e build/main.o
 .ARM.attributes
                0x00000000000000a8       0x2e build/at32f415_int.o
 .ARM.attributes
                0x00000000000000d6       0x2e build/at32f415_clock.o
 .ARM.attributes
                0x0000000000000104       0x2e build/at32f415_crm.o
 .ARM.attributes
                0x0000000000000132       0x2e build/at32f415_misc.o
 .ARM.attributes
                0x0000000000000160       0x2e build/at32f415_gpio.o
 .ARM.attributes
                0x000000000000018e       0x2e build/at32f415_exint.o
 .ARM.attributes
                0x00000000000001bc       0x2e build/system_at32f415.o
 .ARM.attributes
                0x00000000000001ea       0x21 build/startup_at32f415.o
 .ARM.attributes
                0x000000000000020b       0x2e /Applications/ARM/bin/../lib/gcc/arm-none-eabi/10.3.1/../../../../arm-none-eabi/lib/thumb/v7e-m/nofp/libc_nano.a(lib_a-init.o)
 .ARM.attributes
                0x0000000000000239       0x1e /Applications/ARM/bin/../lib/gcc/arm-none-eabi/10.3.1/thumb/v7e-m/nofp/crtn.o
OUTPUT(build/Project.elf elf32-littlearm)
LOAD linker stubs
LOAD /Applications/ARM/bin/../lib/gcc/arm-none-eabi/10.3.1/../../../../arm-none-eabi/lib/thumb/v7e-m/nofp/libc.a
LOAD /Applications/ARM/bin/../lib/gcc/arm-none-eabi/10.3.1/../../../../arm-none-eabi/lib/thumb/v7e-m/nofp/libm.a
LOAD /Applications/ARM/bin/../lib/gcc/arm-none-eabi/10.3.1/thumb/v7e-m/nofp/libgcc.a

.debug_info     0x0000000000000000     0xa0e1
 .debug_info    0x0000000000000000     0x1938 build/at32f415_board.o
 .debug_info    0x0000000000001938     0x11d8 build/main.o
 .debug_info    0x0000000000002b10      0x13f build/at32f415_int.o
 .debug_info    0x0000000000002c4f      0xdc7 build/at32f415_clock.o
 .debug_info    0x0000000000003a16     0x2392 build/at32f415_crm.o
 .debug_info    0x0000000000005da8      0x9f8 build/at32f415_misc.o
 .debug_info    0x00000000000067a0     0x1d4b build/at32f415_gpio.o
 .debug_info    0x00000000000084eb      0x558 build/at32f415_exint.o
 .debug_info    0x0000000000008a43     0x167c build/system_at32f415.o
 .debug_info    0x000000000000a0bf       0x22 build/startup_at32f415.o

.debug_abbrev   0x0000000000000000      0xff8
 .debug_abbrev  0x0000000000000000      0x328 build/at32f415_board.o
 .debug_abbrev  0x0000000000000328      0x1a0 build/main.o
 .debug_abbrev  0x00000000000004c8       0x46 build/at32f415_int.o
 .debug_abbrev  0x000000000000050e      0x1b2 build/at32f415_clock.o
 .debug_abbrev  0x00000000000006c0      0x22b build/at32f415_crm.o
 .debug_abbrev  0x00000000000008eb      0x212 build/at32f415_misc.o
 .debug_abbrev  0x0000000000000afd      0x205 build/at32f415_gpio.o
 .debug_abbrev  0x0000000000000d02      0x15b build/at32f415_exint.o
 .debug_abbrev  0x0000000000000e5d      0x189 build/system_at32f415.o
 .debug_abbrev  0x0000000000000fe6       0x12 build/startup_at32f415.o

.debug_loc      0x0000000000000000     0x20ec
 .debug_loc     0x0000000000000000      0x40c build/at32f415_board.o
 .debug_loc     0x000000000000040c       0xd4 build/main.o
 .debug_loc     0x00000000000004e0      0x204 build/at32f415_int.o
 .debug_loc     0x00000000000006e4       0x2c build/at32f415_clock.o
 .debug_loc     0x0000000000000710      0xc34 build/at32f415_crm.o
 .debug_loc     0x0000000000001344      0x46c build/at32f415_misc.o
 .debug_loc     0x00000000000017b0      0x5e0 build/at32f415_gpio.o
 .debug_loc     0x0000000000001d90      0x2c8 build/at32f415_exint.o
 .debug_loc     0x0000000000002058       0x94 build/system_at32f415.o

.debug_aranges  0x0000000000000000      0x440
 .debug_aranges
                0x0000000000000000       0x88 build/at32f415_board.o
 .debug_aranges
                0x0000000000000088       0x38 build/main.o
 .debug_aranges
                0x00000000000000c0       0x60 build/at32f415_int.o
 .debug_aranges
                0x0000000000000120       0x20 build/at32f415_clock.o
 .debug_aranges
                0x0000000000000140      0x130 build/at32f415_crm.o
 .debug_aranges
                0x0000000000000270       0x88 build/at32f415_misc.o
 .debug_aranges
                0x00000000000002f8       0xa0 build/at32f415_gpio.o
 .debug_aranges
                0x0000000000000398       0x58 build/at32f415_exint.o
 .debug_aranges
                0x00000000000003f0       0x28 build/system_at32f415.o
 .debug_aranges
                0x0000000000000418       0x28 build/startup_at32f415.o

.debug_ranges   0x0000000000000000      0x3a8
 .debug_ranges  0x0000000000000000       0x78 build/at32f415_board.o
 .debug_ranges  0x0000000000000078       0x28 build/main.o
 .debug_ranges  0x00000000000000a0       0x50 build/at32f415_int.o
 .debug_ranges  0x00000000000000f0       0x10 build/at32f415_clock.o
 .debug_ranges  0x0000000000000100      0x120 build/at32f415_crm.o
 .debug_ranges  0x0000000000000220       0x78 build/at32f415_misc.o
 .debug_ranges  0x0000000000000298       0x90 build/at32f415_gpio.o
 .debug_ranges  0x0000000000000328       0x48 build/at32f415_exint.o
 .debug_ranges  0x0000000000000370       0x18 build/system_at32f415.o
 .debug_ranges  0x0000000000000388       0x20 build/startup_at32f415.o

.debug_line     0x0000000000000000     0x2039
 .debug_line    0x0000000000000000      0x49e build/at32f415_board.o
 .debug_line    0x000000000000049e      0x222 build/main.o
 .debug_line    0x00000000000006c0       0xf9 build/at32f415_int.o
 .debug_line    0x00000000000007b9      0x17b build/at32f415_clock.o
 .debug_line    0x0000000000000934      0x870 build/at32f415_crm.o
 .debug_line    0x00000000000011a4      0x3c6 build/at32f415_misc.o
 .debug_line    0x000000000000156a      0x4e8 build/at32f415_gpio.o
 .debug_line    0x0000000000001a52      0x27f build/at32f415_exint.o
 .debug_line    0x0000000000001cd1      0x2fa build/system_at32f415.o
 .debug_line    0x0000000000001fcb       0x6e build/startup_at32f415.o

.debug_str      0x0000000000000000     0x3c5f
 .debug_str     0x0000000000000000      0xde9 build/at32f415_board.o
                                        0xe71 (size before relaxing)
 .debug_str     0x0000000000000de9      0x71a build/main.o
                                       0x103b (size before relaxing)
 .debug_str     0x0000000000001503       0xa8 build/at32f415_int.o
                                        0x1f3 (size before relaxing)
 .debug_str     0x00000000000015ab      0x99c build/at32f415_clock.o
                                        0xb7b (size before relaxing)
 .debug_str     0x0000000000001f47     0x122f build/at32f415_crm.o
                                       0x1d2c (size before relaxing)
 .debug_str     0x0000000000003176      0x364 build/at32f415_misc.o
                                        0x9ad (size before relaxing)
 .debug_str     0x00000000000034da      0x584 build/at32f415_gpio.o
                                       0x104a (size before relaxing)
 .debug_str     0x0000000000003a5e      0x179 build/at32f415_exint.o
                                        0x421 (size before relaxing)
 .debug_str     0x0000000000003bd7       0x67 build/system_at32f415.o
                                        0xa36 (size before relaxing)
 .debug_str     0x0000000000003c3e       0x21 build/startup_at32f415.o
                                         0x58 (size before relaxing)

.comment        0x0000000000000000       0x49
 .comment       0x0000000000000000       0x49 build/at32f415_board.o
                                         0x4a (size before relaxing)
 .comment       0x0000000000000049       0x4a build/main.o
 .comment       0x0000000000000049       0x4a build/at32f415_int.o
 .comment       0x0000000000000049       0x4a build/at32f415_clock.o
 .comment       0x0000000000000049       0x4a build/at32f415_crm.o
 .comment       0x0000000000000049       0x4a build/at32f415_misc.o
 .comment       0x0000000000000049       0x4a build/at32f415_gpio.o
 .comment       0x0000000000000049       0x4a build/at32f415_exint.o
 .comment       0x0000000000000049       0x4a build/system_at32f415.o

.debug_frame    0x0000000000000000      0xfb0
 .debug_frame   0x0000000000000000      0x1fc build/at32f415_board.o
 .debug_frame   0x00000000000001fc       0x88 build/main.o
 .debug_frame   0x0000000000000284      0x110 build/at32f415_int.o
 .debug_frame   0x0000000000000394       0x2c build/at32f415_clock.o
 .debug_frame   0x00000000000003c0      0x570 build/at32f415_crm.o
 .debug_frame   0x0000000000000930      0x210 build/at32f415_misc.o
 .debug_frame   0x0000000000000b40      0x2a8 build/at32f415_gpio.o
 .debug_frame   0x0000000000000de8      0x148 build/at32f415_exint.o
 .debug_frame   0x0000000000000f30       0x54 build/system_at32f415.o
 .debug_frame   0x0000000000000f84       0x2c /Applications/ARM/bin/../lib/gcc/arm-none-eabi/10.3.1/../../../../arm-none-eabi/lib/thumb/v7e-m/nofp/libc_nano.a(lib_a-init.o)

Cross Reference Table

Symbol                                            File
ADC1_IRQHandler                                   build/startup_at32f415.o
BusFault_Handler                                  build/at32f415_int.o
CAN1_RX0_IRQHandler                               build/startup_at32f415.o
CAN1_RX1_IRQHandler                               build/startup_at32f415.o
CAN1_SE_IRQHandler                                build/startup_at32f415.o
CAN1_TX_IRQHandler                                build/startup_at32f415.o
CMP1_IRQHandler                                   build/startup_at32f415.o
CMP2_IRQHandler                                   build/startup_at32f415.o
CRM_IRQHandler                                    build/startup_at32f415.o
DMA1_Channel1_IRQHandler                          build/startup_at32f415.o
DMA1_Channel2_IRQHandler                          build/startup_at32f415.o
DMA1_Channel3_IRQHandler                          build/startup_at32f415.o
DMA1_Channel4_IRQHandler                          build/startup_at32f415.o
DMA1_Channel5_IRQHandler                          build/startup_at32f415.o
DMA1_Channel6_IRQHandler                          build/startup_at32f415.o
DMA1_Channel7_IRQHandler                          build/startup_at32f415.o
DMA2_Channel1_IRQHandler                          build/startup_at32f415.o
DMA2_Channel2_IRQHandler                          build/startup_at32f415.o
DMA2_Channel3_IRQHandler                          build/startup_at32f415.o
DMA2_Channel4_5_IRQHandler                        build/startup_at32f415.o
DMA2_Channel6_7_IRQHandler                        build/startup_at32f415.o
DebugMon_Handler                                  build/at32f415_int.o
Default_Handler                                   build/startup_at32f415.o
ERTCAlarm_IRQHandler                              build/startup_at32f415.o
ERTC_IRQHandler                                   build/startup_at32f415.o
EXINT0_IRQHandler                                 build/main.o
EXINT15_10_IRQHandler                             build/startup_at32f415.o
EXINT1_IRQHandler                                 build/startup_at32f415.o
EXINT2_IRQHandler                                 build/startup_at32f415.o
EXINT3_IRQHandler                                 build/startup_at32f415.o
EXINT4_IRQHandler                                 build/startup_at32f415.o
EXINT9_5_IRQHandler                               build/startup_at32f415.o
FLASH_IRQHandler                                  build/startup_at32f415.o
HardFault_Handler                                 build/at32f415_int.o
I2C1_ERR_IRQHandler                               build/startup_at32f415.o
I2C1_EVT_IRQHandler                               build/startup_at32f415.o
I2C2_ERR_IRQHandler                               build/startup_at32f415.o
I2C2_EVT_IRQHandler                               build/startup_at32f415.o
MemManage_Handler                                 build/at32f415_int.o
NMI_Handler                                       build/at32f415_int.o
OTGFS1_IRQHandler                                 build/startup_at32f415.o
OTGFS1_WKUP_IRQHandler                            build/startup_at32f415.o
PVM_IRQHandler                                    build/startup_at32f415.o
PendSV_Handler                                    build/at32f415_int.o
Reset_Handler                                     build/startup_at32f415.o
SDIO1_IRQHandler                                  build/startup_at32f415.o
SPI1_IRQHandler                                   build/startup_at32f415.o
SPI2_IRQHandler                                   build/startup_at32f415.o
SVC_Handler                                       build/at32f415_int.o
SysTick_Handler                                   build/at32f415_int.o
SystemInit                                        build/system_at32f415.o
                                                  build/startup_at32f415.o
TAMPER_IRQHandler                                 build/startup_at32f415.o
TMR1_BRK_TMR9_IRQHandler                          build/startup_at32f415.o
TMR1_CH_IRQHandler                                build/startup_at32f415.o
TMR1_OVF_TMR10_IRQHandler                         build/startup_at32f415.o
TMR1_TRG_HALL_TMR11_IRQHandler                    build/startup_at32f415.o
TMR2_GLOBAL_IRQHandler                            build/startup_at32f415.o
TMR3_GLOBAL_IRQHandler                            build/startup_at32f415.o
TMR4_GLOBAL_IRQHandler                            build/startup_at32f415.o
TMR5_GLOBAL_IRQHandler                            build/startup_at32f415.o
UART4_IRQHandler                                  build/startup_at32f415.o
UART5_IRQHandler                                  build/startup_at32f415.o
USART1_IRQHandler                                 build/startup_at32f415.o
USART2_IRQHandler                                 build/startup_at32f415.o
USART3_IRQHandler                                 build/startup_at32f415.o
UsageFault_Handler                                build/at32f415_int.o
WWDT_IRQHandler                                   build/startup_at32f415.o
__bss_end__                                       /Applications/ARM/bin/../lib/gcc/arm-none-eabi/10.3.1/../../../../arm-none-eabi/lib/thumb/v7e-m/nofp/crt0.o
__bss_start__                                     /Applications/ARM/bin/../lib/gcc/arm-none-eabi/10.3.1/../../../../arm-none-eabi/lib/thumb/v7e-m/nofp/crt0.o
__call_exitprocs                                  /Applications/ARM/bin/../lib/gcc/arm-none-eabi/10.3.1/../../../../arm-none-eabi/lib/thumb/v7e-m/nofp/libc_nano.a(lib_a-exit.o)
__deregister_frame_info                           /Applications/ARM/bin/../lib/gcc/arm-none-eabi/10.3.1/thumb/v7e-m/nofp/crtbegin.o
__dso_handle                                      /Applications/ARM/bin/../lib/gcc/arm-none-eabi/10.3.1/thumb/v7e-m/nofp/crtbegin.o
__init_array_end                                  /Applications/ARM/bin/../lib/gcc/arm-none-eabi/10.3.1/../../../../arm-none-eabi/lib/thumb/v7e-m/nofp/libc_nano.a(lib_a-init.o)
__init_array_start                                /Applications/ARM/bin/../lib/gcc/arm-none-eabi/10.3.1/../../../../arm-none-eabi/lib/thumb/v7e-m/nofp/libc_nano.a(lib_a-init.o)
__io_putchar                                      build/at32f415_board.o
__libc_fini_array                                 /Applications/ARM/bin/../lib/gcc/arm-none-eabi/10.3.1/../../../../arm-none-eabi/lib/thumb/v7e-m/nofp/crt0.o
__libc_init_array                                 /Applications/ARM/bin/../lib/gcc/arm-none-eabi/10.3.1/../../../../arm-none-eabi/lib/thumb/v7e-m/nofp/libc_nano.a(lib_a-init.o)
                                                  build/startup_at32f415.o
                                                  /Applications/ARM/bin/../lib/gcc/arm-none-eabi/10.3.1/../../../../arm-none-eabi/lib/thumb/v7e-m/nofp/crt0.o
__preinit_array_end                               /Applications/ARM/bin/../lib/gcc/arm-none-eabi/10.3.1/../../../../arm-none-eabi/lib/thumb/v7e-m/nofp/libc_nano.a(lib_a-init.o)
__preinit_array_start                             /Applications/ARM/bin/../lib/gcc/arm-none-eabi/10.3.1/../../../../arm-none-eabi/lib/thumb/v7e-m/nofp/libc_nano.a(lib_a-init.o)
__register_frame_info                             /Applications/ARM/bin/../lib/gcc/arm-none-eabi/10.3.1/thumb/v7e-m/nofp/crtbegin.o
__sf_fake_stderr                                  /Applications/ARM/bin/../lib/gcc/arm-none-eabi/10.3.1/../../../../arm-none-eabi/lib/thumb/v7e-m/nofp/libc_nano.a(lib_a-impure.o)
__sf_fake_stdin                                   /Applications/ARM/bin/../lib/gcc/arm-none-eabi/10.3.1/../../../../arm-none-eabi/lib/thumb/v7e-m/nofp/libc_nano.a(lib_a-impure.o)
__sf_fake_stdout                                  /Applications/ARM/bin/../lib/gcc/arm-none-eabi/10.3.1/../../../../arm-none-eabi/lib/thumb/v7e-m/nofp/libc_nano.a(lib_a-impure.o)
__stack                                           /Applications/ARM/bin/../lib/gcc/arm-none-eabi/10.3.1/../../../../arm-none-eabi/lib/thumb/v7e-m/nofp/crt0.o
_ebss                                             build/startup_at32f415.o
_edata                                            build/startup_at32f415.o
_estack                                           build/startup_at32f415.o
_exit                                             /Applications/ARM/bin/../lib/gcc/arm-none-eabi/10.3.1/../../../../arm-none-eabi/lib/thumb/v7e-m/nofp/libnosys.a(_exit.o)
                                                  /Applications/ARM/bin/../lib/gcc/arm-none-eabi/10.3.1/../../../../arm-none-eabi/lib/thumb/v7e-m/nofp/libc_nano.a(lib_a-exit.o)
_fini                                             /Applications/ARM/bin/../lib/gcc/arm-none-eabi/10.3.1/thumb/v7e-m/nofp/crti.o
_global_impure_ptr                                /Applications/ARM/bin/../lib/gcc/arm-none-eabi/10.3.1/../../../../arm-none-eabi/lib/thumb/v7e-m/nofp/libc_nano.a(lib_a-impure.o)
                                                  /Applications/ARM/bin/../lib/gcc/arm-none-eabi/10.3.1/../../../../arm-none-eabi/lib/thumb/v7e-m/nofp/libc_nano.a(lib_a-exit.o)
_impure_ptr                                       /Applications/ARM/bin/../lib/gcc/arm-none-eabi/10.3.1/../../../../arm-none-eabi/lib/thumb/v7e-m/nofp/libc_nano.a(lib_a-impure.o)
_init                                             /Applications/ARM/bin/../lib/gcc/arm-none-eabi/10.3.1/thumb/v7e-m/nofp/crti.o
                                                  /Applications/ARM/bin/../lib/gcc/arm-none-eabi/10.3.1/../../../../arm-none-eabi/lib/thumb/v7e-m/nofp/libc_nano.a(lib_a-init.o)
_mainCRTStartup                                   /Applications/ARM/bin/../lib/gcc/arm-none-eabi/10.3.1/../../../../arm-none-eabi/lib/thumb/v7e-m/nofp/crt0.o
_sbss                                             build/startup_at32f415.o
_sdata                                            build/startup_at32f415.o
_sidata                                           build/startup_at32f415.o
_stack_init                                       /Applications/ARM/bin/../lib/gcc/arm-none-eabi/10.3.1/../../../../arm-none-eabi/lib/thumb/v7e-m/nofp/crt0.o
_start                                            /Applications/ARM/bin/../lib/gcc/arm-none-eabi/10.3.1/../../../../arm-none-eabi/lib/thumb/v7e-m/nofp/crt0.o
at32_board_init                                   build/at32f415_board.o
                                                  build/main.o
at32_button_init                                  build/at32f415_board.o
at32_button_press                                 build/at32f415_board.o
at32_button_state                                 build/at32f415_board.o
at32_led_init                                     build/at32f415_board.o
at32_led_off                                      build/at32f415_board.o
at32_led_on                                       build/at32f415_board.o
at32_led_toggle                                   build/at32f415_board.o
                                                  build/main.o
atexit                                            /Applications/ARM/bin/../lib/gcc/arm-none-eabi/10.3.1/../../../../arm-none-eabi/lib/thumb/v7e-m/nofp/crt0.o
button_exint_init                                 build/main.o
button_isr                                        build/main.o
crm_adc_clock_div_set                             build/at32f415_crm.o
crm_ahb_div_set                                   build/at32f415_crm.o
                                                  build/at32f415_clock.o
crm_apb1_div_set                                  build/at32f415_crm.o
                                                  build/at32f415_clock.o
crm_apb2_div_set                                  build/at32f415_crm.o
                                                  build/at32f415_clock.o
crm_auto_step_mode_enable                         build/at32f415_crm.o
                                                  build/at32f415_clock.o
crm_battery_powered_domain_reset                  build/at32f415_crm.o
crm_clkout_div_set                                build/at32f415_crm.o
crm_clock_failure_detection_enable                build/at32f415_crm.o
crm_clock_out_set                                 build/at32f415_crm.o
crm_clock_source_enable                           build/at32f415_crm.o
                                                  build/at32f415_clock.o
crm_clocks_freq_get                               build/at32f415_crm.o
                                                  build/at32f415_usart.o
                                                  build/at32f415_i2c.o
crm_ertc_clock_enable                             build/at32f415_crm.o
crm_ertc_clock_select                             build/at32f415_crm.o
crm_flag_clear                                    build/at32f415_crm.o
crm_flag_get                                      build/at32f415_crm.o
                                                  build/at32f415_clock.o
crm_hext_bypass                                   build/at32f415_crm.o
crm_hext_stable_wait                              build/at32f415_crm.o
                                                  build/at32f415_clock.o
crm_hick_clock_calibration_set                    build/at32f415_crm.o
crm_hick_clock_trimming_set                       build/at32f415_crm.o
crm_hick_divider_select                           build/at32f415_crm.o
crm_hick_sclk_frequency_select                    build/at32f415_crm.o
crm_interrupt_enable                              build/at32f415_crm.o
crm_lext_bypass                                   build/at32f415_crm.o
crm_otgfs_ep3_remap_enable                        build/at32f415_crm.o
crm_periph_clock_enable                           build/at32f415_crm.o
                                                  build/main.o
                                                  build/at32f415_board.o
crm_periph_reset                                  build/at32f415_crm.o
                                                  build/at32f415_usart.o
                                                  build/at32f415_tmr.o
                                                  build/at32f415_i2c.o
                                                  build/at32f415_gpio.o
crm_periph_sleep_mode_clock_enable                build/at32f415_crm.o
crm_pll_config                                    build/at32f415_crm.o
                                                  build/at32f415_clock.o
crm_pll_config2                                   build/at32f415_crm.o
crm_reset                                         build/at32f415_crm.o
                                                  build/at32f415_clock.o
crm_sysclk_switch                                 build/at32f415_crm.o
                                                  build/at32f415_clock.o
crm_sysclk_switch_status_get                      build/at32f415_crm.o
                                                  build/system_at32f415.o
                                                  build/at32f415_clock.o
crm_usb_clock_div_set                             build/at32f415_crm.o
crm_usb_clock_source_select                       build/at32f415_crm.o
crm_usbdiv_reset                                  build/at32f415_crm.o
delay_init                                        build/at32f415_board.o
delay_ms                                          build/at32f415_board.o
                                                  build/main.o
delay_sec                                         build/at32f415_board.o
delay_us                                          build/at32f415_board.o
dma_channel_enable                                build/at32f415_dma.o
dma_data_number_get                               build/at32f415_dma.o
dma_data_number_set                               build/at32f415_dma.o
dma_default_para_init                             build/at32f415_dma.o
dma_flag_clear                                    build/at32f415_dma.o
dma_flag_get                                      build/at32f415_dma.o
dma_flexible_config                               build/at32f415_dma.o
dma_init                                          build/at32f415_dma.o
dma_interrupt_enable                              build/at32f415_dma.o
dma_reset                                         build/at32f415_dma.o
exint_default_para_init                           build/at32f415_exint.o
                                                  build/main.o
exint_event_enable                                build/at32f415_exint.o
exint_flag_clear                                  build/at32f415_exint.o
                                                  build/main.o
exint_flag_get                                    build/at32f415_exint.o
exint_init                                        build/at32f415_exint.o
                                                  build/main.o
exint_interrupt_enable                            build/at32f415_exint.o
exint_reset                                       build/at32f415_exint.o
exint_software_interrupt_event_generate           build/at32f415_exint.o
exit                                              /Applications/ARM/bin/../lib/gcc/arm-none-eabi/10.3.1/../../../../arm-none-eabi/lib/thumb/v7e-m/nofp/libc_nano.a(lib_a-exit.o)
                                                  /Applications/ARM/bin/../lib/gcc/arm-none-eabi/10.3.1/../../../../arm-none-eabi/lib/thumb/v7e-m/nofp/crt0.o
g_pfnVectors                                      build/startup_at32f415.o
g_speed                                           build/main.o
gpio_bits_reset                                   build/at32f415_gpio.o
gpio_bits_set                                     build/at32f415_gpio.o
gpio_bits_write                                   build/at32f415_gpio.o
gpio_default_para_init                            build/at32f415_gpio.o
                                                  build/at32f415_board.o
gpio_event_output_config                          build/at32f415_gpio.o
gpio_event_output_enable                          build/at32f415_gpio.o
gpio_exint_line_config                            build/at32f415_gpio.o
                                                  build/main.o
gpio_init                                         build/at32f415_gpio.o
                                                  build/at32f415_board.o
gpio_input_data_bit_read                          build/at32f415_gpio.o
                                                  build/main.o
                                                  build/at32f415_board.o
gpio_input_data_read                              build/at32f415_gpio.o
gpio_iomux_reset                                  build/at32f415_gpio.o
gpio_output_data_bit_read                         build/at32f415_gpio.o
gpio_output_data_read                             build/at32f415_gpio.o
gpio_pin_remap_config                             build/at32f415_gpio.o
gpio_pin_wp_config                                build/at32f415_gpio.o
gpio_port_wirte                                   build/at32f415_gpio.o
gpio_reset                                        build/at32f415_gpio.o
hardware_init_hook                                /Applications/ARM/bin/../lib/gcc/arm-none-eabi/10.3.1/../../../../arm-none-eabi/lib/thumb/v7e-m/nofp/crt0.o
i2c_7bit_address_send                             build/at32f415_i2c.o
i2c_ack_enable                                    build/at32f415_i2c.o
i2c_arp_mode_enable                               build/at32f415_i2c.o
i2c_clock_stretch_enable                          build/at32f415_i2c.o
i2c_data_receive                                  build/at32f415_i2c.o
i2c_data_send                                     build/at32f415_i2c.o
i2c_dma_enable                                    build/at32f415_i2c.o
i2c_dma_end_transfer_set                          build/at32f415_i2c.o
i2c_enable                                        build/at32f415_i2c.o
i2c_fast_mode_duty_set                            build/at32f415_i2c.o
i2c_flag_clear                                    build/at32f415_i2c.o
i2c_flag_get                                      build/at32f415_i2c.o
i2c_general_call_enable                           build/at32f415_i2c.o
i2c_init                                          build/at32f415_i2c.o
i2c_interrupt_enable                              build/at32f415_i2c.o
i2c_master_receive_ack_set                        build/at32f415_i2c.o
i2c_own_address1_set                              build/at32f415_i2c.o
i2c_own_address2_enable                           build/at32f415_i2c.o
i2c_own_address2_set                              build/at32f415_i2c.o
i2c_pec_calculate_enable                          build/at32f415_i2c.o
i2c_pec_position_set                              build/at32f415_i2c.o
i2c_pec_transmit_enable                           build/at32f415_i2c.o
i2c_pec_value_get                                 build/at32f415_i2c.o
i2c_reset                                         build/at32f415_i2c.o
i2c_smbus_alert_set                               build/at32f415_i2c.o
i2c_smbus_enable                                  build/at32f415_i2c.o
i2c_smbus_mode_set                                build/at32f415_i2c.o
i2c_software_reset                                build/at32f415_i2c.o
i2c_start_generate                                build/at32f415_i2c.o
i2c_stop_generate                                 build/at32f415_i2c.o
led_gpio_crm_clk                                  build/at32f415_board.o
led_gpio_pin                                      build/at32f415_board.o
led_gpio_port                                     build/at32f415_board.o
main                                              build/main.o
                                                  build/startup_at32f415.o
                                                  /Applications/ARM/bin/../lib/gcc/arm-none-eabi/10.3.1/../../../../arm-none-eabi/lib/thumb/v7e-m/nofp/crt0.o
memset                                            /Applications/ARM/bin/../lib/gcc/arm-none-eabi/10.3.1/../../../../arm-none-eabi/lib/thumb/v7e-m/nofp/libc_nano.a(lib_a-memset.o)
                                                  /Applications/ARM/bin/../lib/gcc/arm-none-eabi/10.3.1/../../../../arm-none-eabi/lib/thumb/v7e-m/nofp/crt0.o
nvic_irq_disable                                  build/at32f415_misc.o
nvic_irq_enable                                   build/at32f415_misc.o
                                                  build/main.o
nvic_lowpower_mode_config                         build/at32f415_misc.o
nvic_priority_group_config                        build/at32f415_misc.o
                                                  build/main.o
nvic_system_reset                                 build/at32f415_misc.o
nvic_vector_table_set                             build/at32f415_misc.o
software_init_hook                                /Applications/ARM/bin/../lib/gcc/arm-none-eabi/10.3.1/../../../../arm-none-eabi/lib/thumb/v7e-m/nofp/crt0.o
system_clock_config                               build/at32f415_clock.o
                                                  build/main.o
system_core_clock                                 build/system_at32f415.o
                                                  build/at32f415_board.o
system_core_clock_update                          build/system_at32f415.o
                                                  build/at32f415_clock.o
systick_clock_source_config                       build/at32f415_misc.o
                                                  build/at32f415_board.o
tmr_32_bit_function_enable                        build/at32f415_tmr.o
tmr_base_init                                     build/at32f415_tmr.o
tmr_brkdt_config                                  build/at32f415_tmr.o
tmr_brkdt_default_para_init                       build/at32f415_tmr.o
tmr_channel1_input_select                         build/at32f415_tmr.o
tmr_channel_buffer_enable                         build/at32f415_tmr.o
tmr_channel_dma_select                            build/at32f415_tmr.o
tmr_channel_enable                                build/at32f415_tmr.o
tmr_channel_value_get                             build/at32f415_tmr.o
tmr_channel_value_set                             build/at32f415_tmr.o
tmr_clock_source_div_set                          build/at32f415_tmr.o
tmr_cnt_dir_set                                   build/at32f415_tmr.o
tmr_counter_enable                                build/at32f415_tmr.o
tmr_counter_value_get                             build/at32f415_tmr.o
tmr_counter_value_set                             build/at32f415_tmr.o
tmr_div_value_get                                 build/at32f415_tmr.o
tmr_div_value_set                                 build/at32f415_tmr.o
tmr_dma_control_config                            build/at32f415_tmr.o
tmr_dma_request_enable                            build/at32f415_tmr.o
tmr_encoder_mode_config                           build/at32f415_tmr.o
tmr_event_sw_trigger                              build/at32f415_tmr.o
tmr_external_clock_config                         build/at32f415_tmr.o
tmr_external_clock_mode1_config                   build/at32f415_tmr.o
tmr_external_clock_mode2_config                   build/at32f415_tmr.o
tmr_flag_clear                                    build/at32f415_tmr.o
tmr_flag_get                                      build/at32f415_tmr.o
tmr_force_output_set                              build/at32f415_tmr.o
tmr_hall_select                                   build/at32f415_tmr.o
tmr_input_channel_divider_set                     build/at32f415_tmr.o
tmr_input_channel_filter_set                      build/at32f415_tmr.o
tmr_input_channel_init                            build/at32f415_tmr.o
tmr_input_default_para_init                       build/at32f415_tmr.o
tmr_internal_clock_set                            build/at32f415_tmr.o
tmr_interrupt_enable                              build/at32f415_tmr.o
tmr_one_cycle_mode_enable                         build/at32f415_tmr.o
tmr_output_channel_buffer_enable                  build/at32f415_tmr.o
tmr_output_channel_config                         build/at32f415_tmr.o
tmr_output_channel_immediately_set                build/at32f415_tmr.o
tmr_output_channel_mode_select                    build/at32f415_tmr.o
tmr_output_channel_polarity_set                   build/at32f415_tmr.o
tmr_output_channel_switch_set                     build/at32f415_tmr.o
tmr_output_default_para_init                      build/at32f415_tmr.o
tmr_output_enable                                 build/at32f415_tmr.o
tmr_overflow_event_disable                        build/at32f415_tmr.o
tmr_overflow_request_source_set                   build/at32f415_tmr.o
tmr_period_buffer_enable                          build/at32f415_tmr.o
tmr_period_value_get                              build/at32f415_tmr.o
tmr_period_value_set                              build/at32f415_tmr.o
tmr_primary_mode_select                           build/at32f415_tmr.o
tmr_pwm_input_config                              build/at32f415_tmr.o
tmr_repetition_counter_set                        build/at32f415_tmr.o
tmr_reset                                         build/at32f415_tmr.o
tmr_sub_mode_select                               build/at32f415_tmr.o
tmr_sub_sync_mode_set                             build/at32f415_tmr.o
tmr_trigger_input_select                          build/at32f415_tmr.o
uart_print_init                                   build/at32f415_board.o
usart_break_bit_num_set                           build/at32f415_usart.o
usart_break_send                                  build/at32f415_usart.o
usart_clock_config                                build/at32f415_usart.o
usart_clock_enable                                build/at32f415_usart.o
usart_data_receive                                build/at32f415_usart.o
usart_data_transmit                               build/at32f415_usart.o
                                                  build/at32f415_board.o
usart_dma_receiver_enable                         build/at32f415_usart.o
usart_dma_transmitter_enable                      build/at32f415_usart.o
usart_enable                                      build/at32f415_usart.o
                                                  build/at32f415_board.o
usart_flag_clear                                  build/at32f415_usart.o
usart_flag_get                                    build/at32f415_usart.o
                                                  build/at32f415_board.o
usart_hardware_flow_control_set                   build/at32f415_usart.o
usart_init                                        build/at32f415_usart.o
                                                  build/at32f415_board.o
usart_interrupt_enable                            build/at32f415_usart.o
usart_irda_low_power_enable                       build/at32f415_usart.o
usart_irda_mode_enable                            build/at32f415_usart.o
usart_irda_smartcard_division_set                 build/at32f415_usart.o
usart_lin_mode_enable                             build/at32f415_usart.o
usart_parity_selection_config                     build/at32f415_usart.o
usart_receiver_enable                             build/at32f415_usart.o
usart_receiver_mute_enable                        build/at32f415_usart.o
usart_reset                                       build/at32f415_usart.o
usart_single_line_halfduplex_select               build/at32f415_usart.o
usart_smartcard_guard_time_set                    build/at32f415_usart.o
usart_smartcard_mode_enable                       build/at32f415_usart.o
usart_smartcard_nack_set                          build/at32f415_usart.o
usart_transmitter_enable                          build/at32f415_usart.o
                                                  build/at32f415_board.o
usart_wakeup_id_set                               build/at32f415_usart.o
usart_wakeup_mode_set                             build/at32f415_usart.o
usb_connect                                       build/at32f415_usb.o
usb_disconnect                                    build/at32f415_usb.o
usb_ept0_setup                                    build/at32f415_usb.o
usb_ept0_start                                    build/at32f415_usb.o
usb_ept_clear_stall                               build/at32f415_usb.o
usb_ept_close                                     build/at32f415_usb.o
usb_ept_in_clear                                  build/at32f415_usb.o
usb_ept_in_interrupt                              build/at32f415_usb.o
usb_ept_open                                      build/at32f415_usb.o
usb_ept_out_clear                                 build/at32f415_usb.o
usb_ept_out_interrupt                             build/at32f415_usb.o
usb_ept_stall                                     build/at32f415_usb.o
usb_flush_rx_fifo                                 build/at32f415_usb.o
usb_flush_tx_fifo                                 build/at32f415_usb.o
usb_get_all_in_interrupt                          build/at32f415_usb.o
usb_get_all_out_interrupt                         build/at32f415_usb.o
usb_global_clear_interrupt                        build/at32f415_usb.o
usb_global_get_all_interrupt                      build/at32f415_usb.o
usb_global_init                                   build/at32f415_usb.o
usb_global_interrupt_enable                       build/at32f415_usb.o
usb_global_power_on                               build/at32f415_usb.o
usb_global_reset                                  build/at32f415_usb.o
usb_global_select_core                            build/at32f415_usb.o
usb_global_set_mode                               build/at32f415_usb.o
usb_hc_enable                                     build/at32f415_usb.o
usb_hch_halt                                      build/at32f415_usb.o
usb_hch_read_interrupt                            build/at32f415_usb.o
usb_host_disable                                  build/at32f415_usb.o
usb_interrupt_disable                             build/at32f415_usb.o
usb_interrupt_enable                              build/at32f415_usb.o
usb_open_phy_clk                                  build/at32f415_usb.o
usb_port_power_on                                 build/at32f415_usb.o
usb_read_packet                                   build/at32f415_usb.o
usb_remote_wkup_clear                             build/at32f415_usb.o
usb_remote_wkup_set                               build/at32f415_usb.o
usb_set_address                                   build/at32f415_usb.o
usb_set_rx_fifo                                   build/at32f415_usb.o
usb_set_tx_fifo                                   build/at32f415_usb.o
usb_stop_phy_clk                                  build/at32f415_usb.o
usb_suspend_status_get                            build/at32f415_usb.o
usb_write_packet                                  build/at32f415_usb.o
usbh_fsls_clksel                                  build/at32f415_usb.o
usbh_get_frame                                    build/at32f415_usb.o
